// Jest Snapshot v1, https://goo.gl/fbAQLP

exports[`Tests different renders of the <Renderer /> component test 1 1`] = `"<div class=\\"MuiBox-root css-jgwz4o\\"><div class=\\"MuiDataGrid-root MuiDataGrid-autoHeight MuiDataGrid-root--densityStandard css-1y321ta-MuiDataGrid-root\\" role=\\"grid\\" aria-colcount=\\"2\\" aria-rowcount=\\"4\\" aria-multiselectable=\\"false\\"><div><div><div class=\\"MuiBox-root css-vulnvf\\"><div class=\\"MuiFormControl-root MuiTextField-root css-3be3ve-MuiFormControl-root-MuiTextField-root-MuiDataGrid-toolbarQuickFilter\\" aria-label=\\"Search\\"><div class=\\"MuiInputBase-root MuiInput-root MuiInput-underline MuiInputBase-colorPrimary MuiInputBase-formControl MuiInputBase-adornedStart MuiInputBase-adornedEnd css-1ptx2yq-MuiInputBase-root-MuiInput-root\\"><svg class=\\"MuiSvgIcon-root MuiSvgIcon-fontSizeSmall css-ptiqhd-MuiSvgIcon-root\\" focusable=\\"false\\" aria-hidden=\\"true\\" viewBox=\\"0 0 24 24\\" data-testid=\\"SearchIcon\\"><path d=\\"M15.5 14h-.79l-.28-.27C15.41 12.59 16 11.11 16 9.5 16 5.91 13.09 3 9.5 3S3 5.91 3 9.5 5.91 16 9.5 16c1.61 0 3.09-.59 4.23-1.57l.27.28v.79l5 4.99L20.49 19l-4.99-5zm-6 0C7.01 14 5 11.99 5 9.5S7.01 5 9.5 5 14 7.01 14 9.5 11.99 14 9.5 14z\\"></path></svg><input aria-invalid=\\"false\\" placeholder=\\"Searchâ€¦\\" type=\\"search\\" class=\\"MuiInputBase-input MuiInput-input MuiInputBase-inputTypeSearch MuiInputBase-inputAdornedStart MuiInputBase-inputAdornedEnd css-c63i49-MuiInputBase-input-MuiInput-input\\" value=\\"\\" id=\\"mui-1\\"><button class=\\"MuiButtonBase-root MuiIconButton-root MuiIconButton-sizeSmall css-fp9tcu-MuiButtonBase-root-MuiIconButton-root\\" tabindex=\\"0\\" type=\\"button\\" aria-label=\\"Clear\\"><svg class=\\"MuiSvgIcon-root MuiSvgIcon-fontSizeSmall css-ptiqhd-MuiSvgIcon-root\\" focusable=\\"false\\" aria-hidden=\\"true\\" viewBox=\\"0 0 24 24\\" data-testid=\\"CloseIcon\\"><path d=\\"M19 6.41L17.59 5 12 10.59 6.41 5 5 6.41 10.59 12 5 17.59 6.41 19 12 13.41 17.59 19 19 17.59 13.41 12z\\"></path></svg><span class=\\"MuiTouchRipple-root css-8je8zh-MuiTouchRipple-root\\"></span></button></div></div></div></div></div><div class=\\"MuiDataGrid-main css-204u17-MuiDataGrid-main\\"><div class=\\"MuiDataGrid-columnHeaders css-f3jnds-MuiDataGrid-columnHeaders\\" style=\\"min-height: 56px; max-height: 56px; line-height: 56px;\\"><div class=\\"MuiDataGrid-columnHeadersInner MuiDataGrid-columnHeadersInner--scrollable css-1s0hp0k-MuiDataGrid-columnHeadersInner\\" aria-rowindex=\\"1\\" role=\\"row\\" style=\\"transform: translate3d(0px, 0px, 0px);\\"><div class=\\"MuiDataGrid-columnHeader MuiDataGrid-columnHeader--sortable\\" data-field=\\"id\\" style=\\"width: 90px; min-width: 90px; max-width: 90px;\\" role=\\"columnheader\\" tabindex=\\"0\\" aria-colindex=\\"1\\" aria-sort=\\"none\\"><div class=\\"MuiDataGrid-columnHeaderDraggableContainer\\" draggable=\\"false\\"><div class=\\"MuiDataGrid-columnHeaderTitleContainer\\"><div class=\\"MuiDataGrid-columnHeaderTitleContainerContent\\"><div class=\\"MuiDataGrid-columnHeaderTitle css-1jbbcbn-MuiDataGrid-columnHeaderTitle\\" aria-label=\\"\\" data-mui-internal-clone-element=\\"true\\">ID</div></div><div class=\\"MuiDataGrid-iconButtonContainer css-ltf0zy-MuiDataGrid-iconButtonContainer\\"><button class=\\"MuiButtonBase-root MuiIconButton-root MuiIconButton-sizeSmall css-1pe4mpk-MuiButtonBase-root-MuiIconButton-root\\" tabindex=\\"-1\\" type=\\"button\\" aria-label=\\"Sort\\" title=\\"Sort\\"><svg class=\\"MuiSvgIcon-root MuiSvgIcon-fontSizeSmall MuiDataGrid-sortIcon css-ptiqhd-MuiSvgIcon-root\\" focusable=\\"false\\" aria-hidden=\\"true\\" viewBox=\\"0 0 24 24\\" data-testid=\\"ArrowUpwardIcon\\"><path d=\\"M4 12l1.41 1.41L11 7.83V20h2V7.83l5.58 5.59L20 12l-8-8-8 8z\\"></path></svg><span class=\\"MuiTouchRipple-root css-8je8zh-MuiTouchRipple-root\\"></span></button></div></div><div class=\\"MuiDataGrid-menuIcon\\"><button class=\\"MuiButtonBase-root MuiIconButton-root MuiIconButton-sizeSmall MuiDataGrid-menuIconButton css-1pe4mpk-MuiButtonBase-root-MuiIconButton-root\\" tabindex=\\"-1\\" type=\\"button\\" aria-label=\\"Menu\\" title=\\"Menu\\" aria-haspopup=\\"true\\" aria-controls=\\"mui-3\\" id=\\"mui-4\\"><svg class=\\"MuiSvgIcon-root MuiSvgIcon-fontSizeSmall css-ptiqhd-MuiSvgIcon-root\\" focusable=\\"false\\" aria-hidden=\\"true\\" viewBox=\\"0 0 24 24\\" data-testid=\\"TripleDotsVerticalIcon\\"><path d=\\"M12 8c1.1 0 2-.9 2-2s-.9-2-2-2-2 .9-2 2 .9 2 2 2zm0 2c-1.1 0-2 .9-2 2s.9 2 2 2 2-.9 2-2-.9-2-2-2zm0 6c-1.1 0-2 .9-2 2s.9 2 2 2 2-.9 2-2-.9-2-2-2z\\"></path></svg><span class=\\"MuiTouchRipple-root css-8je8zh-MuiTouchRipple-root\\"></span></button></div></div><div class=\\"MuiDataGrid-columnSeparator MuiDataGrid-columnSeparator--sideRight\\" style=\\"min-height: 56px; opacity: 1;\\"><svg class=\\"MuiSvgIcon-root MuiSvgIcon-fontSizeMedium MuiDataGrid-iconSeparator css-i4bv87-MuiSvgIcon-root\\" focusable=\\"false\\" aria-hidden=\\"true\\" viewBox=\\"0 0 24 24\\" data-testid=\\"SeparatorIcon\\"><path d=\\"M11 19V5h2v14z\\"></path></svg></div></div><div class=\\"MuiDataGrid-columnHeader MuiDataGrid-columnHeader--sortable\\" data-field=\\"edit\\" style=\\"width: 60px; min-width: 60px; max-width: 60px;\\" role=\\"columnheader\\" tabindex=\\"-1\\" aria-colindex=\\"2\\" aria-sort=\\"none\\"><div class=\\"MuiDataGrid-columnHeaderDraggableContainer\\" draggable=\\"false\\"><div class=\\"MuiDataGrid-columnHeaderTitleContainer\\"><div class=\\"MuiDataGrid-columnHeaderTitleContainerContent\\"><div class=\\"MuiDataGrid-columnHeaderTitle css-1jbbcbn-MuiDataGrid-columnHeaderTitle\\" aria-label=\\"\\" data-mui-internal-clone-element=\\"true\\">edit</div></div><div class=\\"MuiDataGrid-iconButtonContainer css-ltf0zy-MuiDataGrid-iconButtonContainer\\"><button class=\\"MuiButtonBase-root MuiIconButton-root MuiIconButton-sizeSmall css-1pe4mpk-MuiButtonBase-root-MuiIconButton-root\\" tabindex=\\"-1\\" type=\\"button\\" aria-label=\\"Sort\\" title=\\"Sort\\"><svg class=\\"MuiSvgIcon-root MuiSvgIcon-fontSizeSmall MuiDataGrid-sortIcon css-ptiqhd-MuiSvgIcon-root\\" focusable=\\"false\\" aria-hidden=\\"true\\" viewBox=\\"0 0 24 24\\" data-testid=\\"ArrowUpwardIcon\\"><path d=\\"M4 12l1.41 1.41L11 7.83V20h2V7.83l5.58 5.59L20 12l-8-8-8 8z\\"></path></svg><span class=\\"MuiTouchRipple-root css-8je8zh-MuiTouchRipple-root\\"></span></button></div></div><div class=\\"MuiDataGrid-menuIcon\\"><button class=\\"MuiButtonBase-root MuiIconButton-root MuiIconButton-sizeSmall MuiDataGrid-menuIconButton css-1pe4mpk-MuiButtonBase-root-MuiIconButton-root\\" tabindex=\\"-1\\" type=\\"button\\" aria-label=\\"Menu\\" title=\\"Menu\\" aria-haspopup=\\"true\\" aria-controls=\\"mui-6\\" id=\\"mui-7\\"><svg class=\\"MuiSvgIcon-root MuiSvgIcon-fontSizeSmall css-ptiqhd-MuiSvgIcon-root\\" focusable=\\"false\\" aria-hidden=\\"true\\" viewBox=\\"0 0 24 24\\" data-testid=\\"TripleDotsVerticalIcon\\"><path d=\\"M12 8c1.1 0 2-.9 2-2s-.9-2-2-2-2 .9-2 2 .9 2 2 2zm0 2c-1.1 0-2 .9-2 2s.9 2 2 2 2-.9 2-2-.9-2-2-2zm0 6c-1.1 0-2 .9-2 2s.9 2 2 2 2-.9 2-2-.9-2-2-2z\\"></path></svg><span class=\\"MuiTouchRipple-root css-8je8zh-MuiTouchRipple-root\\"></span></button></div></div><div class=\\"MuiDataGrid-columnSeparator MuiDataGrid-columnSeparator--sideRight\\" style=\\"min-height: 56px; opacity: 1;\\"><svg class=\\"MuiSvgIcon-root MuiSvgIcon-fontSizeMedium MuiDataGrid-iconSeparator css-i4bv87-MuiSvgIcon-root\\" focusable=\\"false\\" aria-hidden=\\"true\\" viewBox=\\"0 0 24 24\\" data-testid=\\"SeparatorIcon\\"><path d=\\"M11 19V5h2v14z\\"></path></svg></div></div></div></div><div style=\\"overflow: visible; width: 0px;\\"><div class=\\"MuiDataGrid-virtualScroller css-1w5m2wr-MuiDataGrid-virtualScroller\\" style=\\"width: 0px; height: auto; margin-top: 56px; overflow-x: hidden; overflow-y: hidden;\\"><div class=\\"MuiDataGrid-virtualScrollerContent css-1kwdphh-MuiDataGrid-virtualScrollerContent\\" style=\\"width: auto; height: 156px; min-height: auto;\\"><div class=\\"MuiDataGrid-virtualScrollerRenderZone css-s1v7zr-MuiDataGrid-virtualScrollerRenderZone\\" style=\\"transform: translate3d(0px, 0px, 0px);\\"><div data-id=\\"1\\" data-rowindex=\\"0\\" role=\\"row\\" class=\\"MuiDataGrid-row\\" aria-rowindex=\\"2\\" aria-selected=\\"false\\" style=\\"max-height: 52px; min-height: 52px;\\"><div class=\\"MuiDataGrid-cell MuiDataGrid-cell--textLeft\\" role=\\"cell\\" data-field=\\"id\\" data-colindex=\\"0\\" aria-colindex=\\"1\\" aria-colspan=\\"1\\" style=\\"min-width: 90px; max-width: 90px; min-height: 52px; max-height: 52px;\\" tabindex=\\"-1\\"><div class=\\"MuiDataGrid-cellContent\\">1</div></div><div class=\\"MuiDataGrid-cell--withRenderer MuiDataGrid-cell MuiDataGrid-cell--textLeft MuiDataGrid-cell--editable\\" role=\\"cell\\" data-field=\\"edit\\" data-colindex=\\"1\\" aria-colindex=\\"2\\" aria-colspan=\\"1\\" style=\\"min-width: 60px; max-width: 60px; min-height: 52px; max-height: 52px;\\" tabindex=\\"-1\\"><button class=\\"MuiButtonBase-root MuiIconButton-root MuiIconButton-sizeMedium mockButton css-78trlr-MuiButtonBase-root-MuiIconButton-root\\" tabindex=\\"0\\" type=\\"button\\"><svg class=\\"MuiSvgIcon-root MuiSvgIcon-fontSizeMedium css-i4bv87-MuiSvgIcon-root\\" focusable=\\"false\\" aria-hidden=\\"true\\" viewBox=\\"0 0 24 24\\" data-testid=\\"RemoveRedEyeIcon\\"><path d=\\"M12 4.5C7 4.5 2.73 7.61 1 12c1.73 4.39 6 7.5 11 7.5s9.27-3.11 11-7.5c-1.73-4.39-6-7.5-11-7.5zM12 17c-2.76 0-5-2.24-5-5s2.24-5 5-5 5 2.24 5 5-2.24 5-5 5zm0-8c-1.66 0-3 1.34-3 3s1.34 3 3 3 3-1.34 3-3-1.34-3-3-3z\\"></path></svg><span class=\\"MuiTouchRipple-root css-8je8zh-MuiTouchRipple-root\\"></span></button></div></div><div data-id=\\"2\\" data-rowindex=\\"1\\" role=\\"row\\" class=\\"MuiDataGrid-row\\" aria-rowindex=\\"3\\" aria-selected=\\"false\\" style=\\"max-height: 52px; min-height: 52px;\\"><div class=\\"MuiDataGrid-cell MuiDataGrid-cell--textLeft\\" role=\\"cell\\" data-field=\\"id\\" data-colindex=\\"0\\" aria-colindex=\\"1\\" aria-colspan=\\"1\\" style=\\"min-width: 90px; max-width: 90px; min-height: 52px; max-height: 52px;\\" tabindex=\\"-1\\"><div class=\\"MuiDataGrid-cellContent\\">2</div></div><div class=\\"MuiDataGrid-cell--withRenderer MuiDataGrid-cell MuiDataGrid-cell--textLeft MuiDataGrid-cell--editable\\" role=\\"cell\\" data-field=\\"edit\\" data-colindex=\\"1\\" aria-colindex=\\"2\\" aria-colspan=\\"1\\" style=\\"min-width: 60px; max-width: 60px; min-height: 52px; max-height: 52px;\\" tabindex=\\"-1\\"><button class=\\"MuiButtonBase-root MuiIconButton-root MuiIconButton-sizeMedium mockButton css-78trlr-MuiButtonBase-root-MuiIconButton-root\\" tabindex=\\"0\\" type=\\"button\\"><svg class=\\"MuiSvgIcon-root MuiSvgIcon-fontSizeMedium css-i4bv87-MuiSvgIcon-root\\" focusable=\\"false\\" aria-hidden=\\"true\\" viewBox=\\"0 0 24 24\\" data-testid=\\"RemoveRedEyeIcon\\"><path d=\\"M12 4.5C7 4.5 2.73 7.61 1 12c1.73 4.39 6 7.5 11 7.5s9.27-3.11 11-7.5c-1.73-4.39-6-7.5-11-7.5zM12 17c-2.76 0-5-2.24-5-5s2.24-5 5-5 5 2.24 5 5-2.24 5-5 5zm0-8c-1.66 0-3 1.34-3 3s1.34 3 3 3 3-1.34 3-3-1.34-3-3-3z\\"></path></svg><span class=\\"MuiTouchRipple-root css-8je8zh-MuiTouchRipple-root\\"></span></button></div></div><div data-id=\\"3\\" data-rowindex=\\"2\\" role=\\"row\\" class=\\"MuiDataGrid-row MuiDataGrid-row--lastVisible\\" aria-rowindex=\\"4\\" aria-selected=\\"false\\" style=\\"max-height: 52px; min-height: 52px;\\"><div class=\\"MuiDataGrid-cell MuiDataGrid-cell--textLeft\\" role=\\"cell\\" data-field=\\"id\\" data-colindex=\\"0\\" aria-colindex=\\"1\\" aria-colspan=\\"1\\" style=\\"min-width: 90px; max-width: 90px; min-height: 52px; max-height: 52px;\\" tabindex=\\"-1\\"><div class=\\"MuiDataGrid-cellContent\\">3</div></div><div class=\\"MuiDataGrid-cell--withRenderer MuiDataGrid-cell MuiDataGrid-cell--textLeft MuiDataGrid-cell--editable\\" role=\\"cell\\" data-field=\\"edit\\" data-colindex=\\"1\\" aria-colindex=\\"2\\" aria-colspan=\\"1\\" style=\\"min-width: 60px; max-width: 60px; min-height: 52px; max-height: 52px;\\" tabindex=\\"-1\\"><button class=\\"MuiButtonBase-root MuiIconButton-root MuiIconButton-sizeMedium mockButton css-78trlr-MuiButtonBase-root-MuiIconButton-root\\" tabindex=\\"0\\" type=\\"button\\"><svg class=\\"MuiSvgIcon-root MuiSvgIcon-fontSizeMedium css-i4bv87-MuiSvgIcon-root\\" focusable=\\"false\\" aria-hidden=\\"true\\" viewBox=\\"0 0 24 24\\" data-testid=\\"RemoveRedEyeIcon\\"><path d=\\"M12 4.5C7 4.5 2.73 7.61 1 12c1.73 4.39 6 7.5 11 7.5s9.27-3.11 11-7.5c-1.73-4.39-6-7.5-11-7.5zM12 17c-2.76 0-5-2.24-5-5s2.24-5 5-5 5 2.24 5 5-2.24 5-5 5zm0-8c-1.66 0-3 1.34-3 3s1.34 3 3 3 3-1.34 3-3-1.34-3-3-3z\\"></path></svg><span class=\\"MuiTouchRipple-root css-8je8zh-MuiTouchRipple-root\\"></span></button></div></div></div></div></div></div><div class=\\"Mui-resizeTriggers\\"><div class=\\"expand-trigger\\"><div style=\\"width: 1px; height: 1px;\\"></div></div><div class=\\"contract-trigger\\"></div></div></div><div></div></div></div>"`;
