// Jest Snapshot v1, https://goo.gl/fbAQLP

exports[`Tests different renders of the <Renderer /> component snapshot test for modal closed 1`] = `""`;

exports[`Tests different renders of the <Renderer /> component snapshot test for modal open 1`] = `"<div role=\\"presentation\\" aria-labelledby=\\"modal-modal-title\\" aria-describedby=\\"modal-modal-description\\" class=\\"MuiModal-root css-79ws1d-MuiModal-root\\"><div aria-hidden=\\"true\\" class=\\"MuiBackdrop-root css-i9fmh8-MuiBackdrop-root-MuiModal-backdrop\\" style=\\"opacity: 1; webkit-transition: opacity 225ms cubic-bezier(0.4, 0, 0.2, 1) 0ms; transition: opacity 225ms cubic-bezier(0.4, 0, 0.2, 1) 0ms;\\"></div><div tabindex=\\"0\\" data-testid=\\"sentinelStart\\"></div><div class=\\"MuiBox-root css-1ds7qt2\\" tabindex=\\"-1\\"><div><header class=\\"MuiPaper-root MuiPaper-elevation MuiPaper-elevation4 MuiAppBar-root MuiAppBar-colorPrimary MuiAppBar-positionSticky css-15ta3ox-MuiPaper-root-MuiAppBar-root\\" role=\\"form-header\\"><div class=\\"MuiToolbar-root MuiToolbar-gutters MuiToolbar-regular css-ftu08t-MuiToolbar-root\\" role=\\"form-header-toolbar\\"><div class=\\"MuiBox-root css-jztgcr\\"><div class=\\"MuiBox-root css-k008qs\\"><h6 class=\\"MuiTypography-root MuiTypography-h6 MuiTypography-noWrap css-1k1pm2e-MuiTypography-root\\">test title</h6></div><div class=\\"MuiBox-root css-k008qs\\"><button class=\\"MuiButtonBase-root MuiIconButton-root MuiIconButton-colorSecondary MuiIconButton-sizeLarge css-1f88mc5-MuiButtonBase-root-MuiIconButton-root\\" tabindex=\\"0\\" type=\\"button\\"><svg class=\\"MuiSvgIcon-root MuiSvgIcon-fontSizeMedium css-i4bv87-MuiSvgIcon-root\\" focusable=\\"false\\" aria-hidden=\\"true\\" viewBox=\\"0 0 24 24\\" data-testid=\\"HighlightOffIcon\\"><path d=\\"M14.59 8 12 10.59 9.41 8 8 9.41 10.59 12 8 14.59 9.41 16 12 13.41 14.59 16 16 14.59 13.41 12 16 9.41 14.59 8zM12 2C6.47 2 2 6.47 2 12s4.47 10 10 10 10-4.47 10-10S17.53 2 12 2zm0 18c-4.41 0-8-3.59-8-8s3.59-8 8-8 8 3.59 8 8-3.59 8-8 8z\\"></path></svg><span class=\\"MuiTouchRipple-root css-8je8zh-MuiTouchRipple-root\\"></span></button></div></div></div></header></div><div class=\\"MuiBox-root css-1rn2qcq\\"><div>Mock Div</div></div></div><div tabindex=\\"0\\" data-testid=\\"sentinelEnd\\"></div></div>"`;
