// Jest Snapshot v1, https://goo.gl/fbAQLP

exports[`Tests different renders of the <Renderer /> component test 1 1`] = `""`;
