// Jest Snapshot v1, https://goo.gl/fbAQLP

exports[`Tests different renders of the <Renderer /> component test 1 1`] = `"<div class=\\"MuiPaper-root MuiPaper-elevation MuiPaper-rounded MuiPaper-elevation1 MuiAccordion-root MuiAccordion-rounded Mui-expanded MuiAccordion-gutters css-1elwnq4-MuiPaper-root-MuiAccordion-root\\"><div class=\\"MuiButtonBase-root MuiAccordionSummary-root Mui-expanded MuiAccordionSummary-gutters css-14pd8st-MuiButtonBase-root-MuiAccordionSummary-root\\" tabindex=\\"0\\" role=\\"button\\" aria-expanded=\\"true\\" aria-controls=\\"panel-content\\" aria-label=\\"button\\"><div class=\\"MuiAccordionSummary-content Mui-expanded MuiAccordionSummary-contentGutters css-o4b71y-MuiAccordionSummary-content\\"><p class=\\"MuiTypography-root MuiTypography-body1 css-1ug9r71-MuiTypography-root\\">mock title</p></div><div class=\\"MuiAccordionSummary-expandIconWrapper Mui-expanded css-yw020d-MuiAccordionSummary-expandIconWrapper\\"><svg class=\\"MuiSvgIcon-root MuiSvgIcon-fontSizeMedium css-i4bv87-MuiSvgIcon-root\\" focusable=\\"false\\" aria-hidden=\\"true\\" viewBox=\\"0 0 24 24\\" data-testid=\\"ExpandMoreIcon\\"><path d=\\"M16.59 8.59 12 13.17 7.41 8.59 6 10l6 6 6-6z\\"></path></svg></div></div><div class=\\"MuiCollapse-root MuiCollapse-vertical MuiCollapse-entered css-pwcg7p-MuiCollapse-root\\" style=\\"min-height: 0px;\\"><div class=\\"MuiCollapse-wrapper MuiCollapse-vertical css-smkl36-MuiCollapse-wrapper\\"><div class=\\"MuiCollapse-wrapperInner MuiCollapse-vertical css-9l5vo-MuiCollapse-wrapperInner\\"><div id=\\"panel-content\\" role=\\"region\\" class=\\"MuiAccordion-region\\"><div class=\\"MuiAccordionDetails-root css-15v22id-MuiAccordionDetails-root\\"><div>mock component</div></div></div></div></div></div></div>"`;
