// Jest Snapshot v1, https://goo.gl/fbAQLP

exports[`Renders <EditForm /> component renders the EditForm component 1`] = `"<form action=\\"#\\"><div class=\\"MuiGrid-root MuiGrid-container MuiGrid-spacing-xs-4 css-480o17-MuiGrid-root\\"><div class=\\"MuiGrid-root MuiGrid-item MuiGrid-grid-xs-12 MuiGrid-grid-sm-12 MuiGrid-grid-md-12 MuiGrid-grid-lg-12 css-1idn90j-MuiGrid-root\\"><div class=\\"MuiFormControl-root MuiFormControl-fullWidth MuiTextField-root css-wb57ya-MuiFormControl-root-MuiTextField-root\\" role=\\"mock_field_input\\"><label class=\\"MuiFormLabel-root MuiInputLabel-root MuiInputLabel-formControl MuiInputLabel-animated MuiInputLabel-shrink MuiInputLabel-outlined MuiFormLabel-colorPrimary MuiFormLabel-filled MuiInputLabel-root MuiInputLabel-formControl MuiInputLabel-animated MuiInputLabel-shrink MuiInputLabel-outlined css-1sumxir-MuiFormLabel-root-MuiInputLabel-root\\" data-shrink=\\"true\\" for=\\"mock_field\\" id=\\"mock_field-label\\">Mock Field</label><div class=\\"MuiInputBase-root MuiOutlinedInput-root MuiInputBase-colorPrimary MuiInputBase-fullWidth MuiInputBase-formControl css-md26zr-MuiInputBase-root-MuiOutlinedInput-root\\"><input type=\\"text\\" aria-invalid=\\"false\\" id=\\"mock_field\\" name=\\"mock_field\\" value=\\"mock value\\" class=\\"MuiInputBase-input MuiOutlinedInput-input css-1t8l2tu-MuiInputBase-input-MuiOutlinedInput-input\\"/><fieldset aria-hidden=\\"true\\" class=\\"MuiOutlinedInput-notchedOutline css-1d3z3hw-MuiOutlinedInput-notchedOutline\\"><legend class=\\"css-14lo706\\"><span>Mock Field</span></legend></fieldset></div></div></div></div><div class=\\"MuiBox-root css-y72vsk\\"><button class=\\"MuiButtonBase-root MuiButton-root MuiButton-contained MuiButton-containedSuccess MuiButton-sizeMedium MuiButton-containedSizeMedium Mui-disabled MuiButton-root MuiButton-contained MuiButton-containedSuccess MuiButton-sizeMedium MuiButton-containedSizeMedium css-ke5b6m-MuiButtonBase-root-MuiButton-root\\" tabindex=\\"-1\\" type=\\"submit\\" disabled=\\"\\">Submit</button></div></form>"`;
